// Jest Snapshot v1, https://goo.gl/fbAQLP

exports[`ImageCloseUp renders properly 1`] = `
ShallowWrapper {
  "length": 1,
  Symbol(enzyme.__root__): [Circular],
  Symbol(enzyme.__unrendered__): <ImageCloseUp
    addComment={[Function]}
    image={
        Object {
            "id": "1",
            "url": "location",
          }
    }
/>,
  Symbol(enzyme.__renderer__): Object {
    "batchedUpdates": [Function],
    "getNode": [Function],
    "render": [Function],
    "simulateEvent": [Function],
    "unmount": [Function],
  },
  Symbol(enzyme.__node__): Object {
    "instance": null,
    "key": undefined,
    "nodeType": "host",
    "props": Object {
      "children": Array [
        <div
          className="outer-image left-side"
>
          <img
                    alt="cat pic"
                    src="/public/assets/images/location"
          />
</div>,
        <div
          className="right-side"
>
          <div
                    className="comments"
          />
          <div>
                    <input
                              className="comment-input"
                              onChange={[Function]}
                              onKeyPress={[Function]}
                              value=""
                    />
          </div>
</div>,
      ],
      "className": "image-close-up",
    },
    "ref": null,
    "rendered": Array [
      Object {
        "instance": null,
        "key": undefined,
        "nodeType": "host",
        "props": Object {
          "children": <img
            alt="cat pic"
            src="/public/assets/images/location"
/>,
          "className": "outer-image left-side",
        },
        "ref": null,
        "rendered": Object {
          "instance": null,
          "key": undefined,
          "nodeType": "host",
          "props": Object {
            "alt": "cat pic",
            "src": "/public/assets/images/location",
          },
          "ref": null,
          "rendered": null,
          "type": "img",
        },
        "type": "div",
      },
      Object {
        "instance": null,
        "key": undefined,
        "nodeType": "host",
        "props": Object {
          "children": Array [
            <div
              className="comments"
/>,
            <div>
              <input
                            className="comment-input"
                            onChange={[Function]}
                            onKeyPress={[Function]}
                            value=""
              />
</div>,
          ],
          "className": "right-side",
        },
        "ref": null,
        "rendered": Array [
          Object {
            "instance": null,
            "key": undefined,
            "nodeType": "host",
            "props": Object {
              "children": undefined,
              "className": "comments",
            },
            "ref": null,
            "rendered": null,
            "type": "div",
          },
          Object {
            "instance": null,
            "key": undefined,
            "nodeType": "host",
            "props": Object {
              "children": <input
                className="comment-input"
                onChange={[Function]}
                onKeyPress={[Function]}
                value=""
/>,
            },
            "ref": null,
            "rendered": Object {
              "instance": null,
              "key": undefined,
              "nodeType": "host",
              "props": Object {
                "className": "comment-input",
                "onChange": [Function],
                "onKeyPress": [Function],
                "value": "",
              },
              "ref": null,
              "rendered": null,
              "type": "input",
            },
            "type": "div",
          },
        ],
        "type": "div",
      },
    ],
    "type": "div",
  },
  Symbol(enzyme.__nodes__): Array [
    Object {
      "instance": null,
      "key": undefined,
      "nodeType": "host",
      "props": Object {
        "children": Array [
          <div
            className="outer-image left-side"
>
            <img
                        alt="cat pic"
                        src="/public/assets/images/location"
            />
</div>,
          <div
            className="right-side"
>
            <div
                        className="comments"
            />
            <div>
                        <input
                                    className="comment-input"
                                    onChange={[Function]}
                                    onKeyPress={[Function]}
                                    value=""
                        />
            </div>
</div>,
        ],
        "className": "image-close-up",
      },
      "ref": null,
      "rendered": Array [
        Object {
          "instance": null,
          "key": undefined,
          "nodeType": "host",
          "props": Object {
            "children": <img
              alt="cat pic"
              src="/public/assets/images/location"
/>,
            "className": "outer-image left-side",
          },
          "ref": null,
          "rendered": Object {
            "instance": null,
            "key": undefined,
            "nodeType": "host",
            "props": Object {
              "alt": "cat pic",
              "src": "/public/assets/images/location",
            },
            "ref": null,
            "rendered": null,
            "type": "img",
          },
          "type": "div",
        },
        Object {
          "instance": null,
          "key": undefined,
          "nodeType": "host",
          "props": Object {
            "children": Array [
              <div
                className="comments"
/>,
              <div>
                <input
                                className="comment-input"
                                onChange={[Function]}
                                onKeyPress={[Function]}
                                value=""
                />
</div>,
            ],
            "className": "right-side",
          },
          "ref": null,
          "rendered": Array [
            Object {
              "instance": null,
              "key": undefined,
              "nodeType": "host",
              "props": Object {
                "children": undefined,
                "className": "comments",
              },
              "ref": null,
              "rendered": null,
              "type": "div",
            },
            Object {
              "instance": null,
              "key": undefined,
              "nodeType": "host",
              "props": Object {
                "children": <input
                  className="comment-input"
                  onChange={[Function]}
                  onKeyPress={[Function]}
                  value=""
/>,
              },
              "ref": null,
              "rendered": Object {
                "instance": null,
                "key": undefined,
                "nodeType": "host",
                "props": Object {
                  "className": "comment-input",
                  "onChange": [Function],
                  "onKeyPress": [Function],
                  "value": "",
                },
                "ref": null,
                "rendered": null,
                "type": "input",
              },
              "type": "div",
            },
          ],
          "type": "div",
        },
      ],
      "type": "div",
    },
  ],
  Symbol(enzyme.__options__): Object {
    "adapter": ReactSixteenAdapter {
      "options": Object {
        "enableComponentDidUpdateOnSetState": true,
      },
    },
    "disableLifecycleMethods": true,
  },
}
`;
